{"level":"info","message":"Server running on port 3000","timestamp":"2026-07-25T04:58:29.724Z"}
{"level":"info","message":"Server running on port 3000","timestamp":"2026-07-25T04:58:48.381Z"}
{"level":"info","message":"Server running on port 3001","timestamp":"2026-07-25T05:06:27.425Z"}
{"level":"info","message":"Server running on port 3001","timestamp":"2026-07-25T05:08:23.266Z"}
{"level":"info","message":"Server running on port 3001","timestamp":"2026-07-25T05:12:43.581Z"}
{"level":"info","message":"Server running on port 3001","timestamp":"2026-07-25T05:29:00.286Z"}
{"level":"info","message":"Server running on port 3001","timestamp":"2026-07-25T05:37:05.809Z"}
{"level":"info","message":{"ip":"::1","method":"POST","ms":302,"status":200,"url":"/api/auth/login"},"timestamp":"2026-07-25T05:37:12.890Z"}
{"level":"info","message":{"ip":"::1","method":"POST","ms":8,"status":200,"url":"/api/auth/me"},"timestamp":"2026-07-25T05:37:13.975Z"}
{"level":"info","message":{"ip":"::1","method":"POST","ms":6,"status":200,"url":"/api/auth/me"},"timestamp":"2026-07-25T05:37:13.986Z"}
{"level":"info","message":{"ip":"::1","method":"GET","ms":13,"status":201,"url":"/api/products/dashboard"},"timestamp":"2026-07-25T05:37:14.017Z"}
{"level":"info","message":{"ip":"::1","method":"GET","ms":7,"status":201,"url":"/api/products/dashboard"},"timestamp":"2026-07-25T05:37:14.041Z"}
{"level":"info","message":{"ip":"::1","method":"GET","ms":44,"status":200,"url":"/api/cart/my-cart"},"timestamp":"2026-07-25T05:37:14.054Z"}
{"level":"info","message":{"ip":"::1","method":"GET","ms":7,"status":304,"url":"/api/cart/my-cart"},"timestamp":"2026-07-25T05:37:14.083Z"}
{"level":"info","message":{"ip":"::1","method":"POST","ms":6,"status":200,"url":"/api/auth/me"},"timestamp":"2026-07-25T05:44:55.284Z"}
{"level":"info","message":{"ip":"::1","method":"GET","ms":11,"status":304,"url":"/api/cart/my-cart"},"timestamp":"2026-07-25T05:44:55.337Z"}
{"level":"info","message":{"ip":"::1","method":"GET","ms":13,"status":201,"url":"/api/products/dashboard"},"timestamp":"2026-07-25T05:44:55.345Z"}
{"level":"info","message":{"ip":"::1","method":"POST","ms":5,"status":200,"url":"/api/auth/me"},"timestamp":"2026-07-25T05:44:58.286Z"}
{"level":"info","message":{"ip":"::1","method":"GET","ms":10,"status":201,"url":"/api/products/dashboard"},"timestamp":"2026-07-25T05:44:58.326Z"}
{"level":"info","message":{"ip":"::1","method":"GET","ms":9,"status":304,"url":"/api/cart/my-cart"},"timestamp":"2026-07-25T05:44:58.330Z"}
{"level":"info","message":{"ip":"::1","method":"GET","ms":6,"status":304,"url":"/api/cart/my-cart"},"timestamp":"2026-07-25T05:45:01.443Z"}
{"level":"info","message":{"ip":"::1","method":"GET","ms":7,"status":304,"url":"/api/cart/my-cart"},"timestamp":"2026-07-25T05:45:01.466Z"}
{"level":"info","message":{"ip":"::1","method":"POST","ms":12,"status":200,"url":"/api/cart/cart"},"timestamp":"2026-07-25T05:45:04.394Z"}
{"level":"info","message":{"ip":"::1","method":"GET","ms":6,"status":200,"url":"/api/cart/my-cart"},"timestamp":"2026-07-25T05:45:04.418Z"}
{"level":"info","message":{"ip":"::1","method":"POST","ms":11,"status":200,"url":"/api/cart/cart"},"timestamp":"2026-07-25T05:45:05.920Z"}
{"level":"info","message":{"ip":"::1","method":"GET","ms":6,"status":200,"url":"/api/cart/my-cart"},"timestamp":"2026-07-25T05:45:05.946Z"}
{"level":"info","message":{"ip":"::1","method":"POST","ms":9,"status":200,"url":"/api/cart/cart"},"timestamp":"2026-07-25T05:45:06.900Z"}
{"level":"info","message":{"ip":"::1","method":"GET","ms":6,"status":200,"url":"/api/cart/my-cart"},"timestamp":"2026-07-25T05:45:06.926Z"}
{"level":"info","message":{"ip":"::1","method":"PATCH","ms":2,"status":404,"url":"/api/cart/cart/1"},"timestamp":"2026-07-25T05:45:10.836Z"}
{"level":"info","message":{"ip":"::1","method":"PATCH","ms":2,"status":404,"url":"/api/cart/cart/1"},"timestamp":"2026-07-25T05:45:11.747Z"}
{"level":"info","message":{"ip":"::1","method":"DELETE","ms":3,"status":404,"url":"/api/cart/cart/1"},"timestamp":"2026-07-25T05:45:14.953Z"}
{"level":"info","message":{"ip":"::1","method":"DELETE","ms":2,"status":404,"url":"/api/cart/cart/1"},"timestamp":"2026-07-25T05:45:16.018Z"}
{"level":"info","message":{"ip":"::1","method":"DELETE","ms":1,"status":404,"url":"/api/cart/cart/1"},"timestamp":"2026-07-25T05:45:16.331Z"}
{"level":"info","message":{"ip":"::1","method":"DELETE","ms":1,"status":404,"url":"/api/cart/cart/1"},"timestamp":"2026-07-25T05:45:16.454Z"}
{"level":"info","message":{"ip":"::1","method":"DELETE","ms":1,"status":404,"url":"/api/cart/cart/1"},"timestamp":"2026-07-25T05:45:16.678Z"}
{"level":"info","message":{"ip":"::1","method":"DELETE","ms":2,"status":404,"url":"/api/cart/cart/1"},"timestamp":"2026-07-25T05:45:18.018Z"}
{"level":"info","message":{"ip":"::1","method":"DELETE","ms":1,"status":404,"url":"/api/cart/cart/1"},"timestamp":"2026-07-25T05:45:18.896Z"}
{"level":"info","message":{"ip":"::1","method":"DELETE","ms":2,"status":404,"url":"/api/cart/cart/1"},"timestamp":"2026-07-25T05:45:21.232Z"}
{"level":"info","message":{"ip":"::1","method":"DELETE","ms":2,"status":404,"url":"/api/cart/cart/1"},"timestamp":"2026-07-25T05:45:23.374Z"}
{"level":"info","message":{"ip":"::1","method":"DELETE","ms":2,"status":404,"url":"/api/cart/cart/1"},"timestamp":"2026-07-25T05:45:32.049Z"}
{"level":"info","message":{"ip":"::1","method":"POST","ms":4,"status":200,"url":"/api/auth/me"},"timestamp":"2026-07-25T05:45:37.882Z"}
{"level":"info","message":{"ip":"::1","method":"POST","ms":4,"status":200,"url":"/api/auth/me"},"timestamp":"2026-07-25T05:45:37.890Z"}
{"level":"info","message":{"ip":"::1","method":"GET","ms":7,"status":201,"url":"/api/products/dashboard"},"timestamp":"2026-07-25T05:45:37.924Z"}
{"level":"info","message":{"ip":"::1","method":"GET","ms":10,"status":304,"url":"/api/cart/my-cart"},"timestamp":"2026-07-25T05:45:37.931Z"}
{"level":"info","message":{"ip":"::1","method":"GET","ms":5,"status":201,"url":"/api/products/dashboard"},"timestamp":"2026-07-25T05:45:37.953Z"}
{"level":"info","message":{"ip":"::1","method":"GET","ms":6,"status":304,"url":"/api/cart/my-cart"},"timestamp":"2026-07-25T05:45:37.963Z"}
{"level":"info","message":{"ip":"::1","method":"GET","ms":6,"status":304,"url":"/api/cart/my-cart"},"timestamp":"2026-07-25T05:45:39.691Z"}
{"level":"info","message":{"ip":"::1","method":"GET","ms":7,"status":304,"url":"/api/cart/my-cart"},"timestamp":"2026-07-25T05:45:39.713Z"}
{"level":"info","message":{"ip":"::1","method":"POST","ms":15,"status":200,"url":"/api/cart/cart"},"timestamp":"2026-07-25T05:45:43.028Z"}
{"level":"info","message":{"ip":"::1","method":"GET","ms":6,"status":200,"url":"/api/cart/my-cart"},"timestamp":"2026-07-25T05:45:43.049Z"}
{"level":"info","message":{"ip":"::1","method":"GET","ms":7,"status":200,"url":"/api/cart/my-cart"},"timestamp":"2026-07-25T05:47:20.166Z"}
{"level":"info","message":{"ip":"::1","method":"POST","ms":3,"status":200,"url":"/api/auth/me"},"timestamp":"2026-07-25T05:47:22.577Z"}
{"level":"info","message":{"ip":"::1","method":"POST","ms":2,"status":200,"url":"/api/auth/me"},"timestamp":"2026-07-25T05:47:22.582Z"}
{"level":"info","message":{"ip":"::1","method":"GET","ms":8,"status":201,"url":"/api/products/dashboard"},"timestamp":"2026-07-25T05:47:22.613Z"}
{"level":"info","message":{"ip":"::1","method":"GET","ms":11,"status":304,"url":"/api/cart/my-cart"},"timestamp":"2026-07-25T05:47:22.620Z"}
{"level":"info","message":{"ip":"::1","method":"GET","ms":6,"status":201,"url":"/api/products/dashboard"},"timestamp":"2026-07-25T05:47:22.636Z"}
{"level":"info","message":{"ip":"::1","method":"GET","ms":5,"status":304,"url":"/api/cart/my-cart"},"timestamp":"2026-07-25T05:47:22.650Z"}
{"level":"info","message":{"ip":"::1","method":"POST","ms":15,"status":200,"url":"/api/cart/cart"},"timestamp":"2026-07-25T05:50:44.527Z"}
{"level":"info","message":{"ip":"::1","method":"GET","ms":4,"status":200,"url":"/api/cart/my-cart"},"timestamp":"2026-07-25T05:50:44.547Z"}
{"level":"info","message":{"ip":"::1","method":"POST","ms":17,"status":200,"url":"/api/cart/cart"},"timestamp":"2026-07-25T05:50:46.589Z"}
{"level":"info","message":{"ip":"::1","method":"GET","ms":9,"status":200,"url":"/api/cart/my-cart"},"timestamp":"2026-07-25T05:50:46.618Z"}
{"level":"info","message":{"ip":"::1","method":"GET","ms":5,"status":304,"url":"/api/cart/my-cart"},"timestamp":"2026-07-25T05:50:48.251Z"}
{"level":"info","message":{"ip":"::1","method":"GET","ms":6,"status":304,"url":"/api/cart/my-cart"},"timestamp":"2026-07-25T05:50:48.273Z"}
{"level":"info","message":{"ip":"::1","method":"DELETE","ms":1,"status":404,"url":"/api/cart/cart/1"},"timestamp":"2026-07-25T05:50:51.137Z"}
{"level":"info","message":{"ip":"::1","method":"DELETE","ms":1,"status":404,"url":"/api/cart/cart/1"},"timestamp":"2026-07-25T05:50:52.001Z"}
{"level":"info","message":{"ip":"::1","method":"DELETE","ms":3,"status":404,"url":"/api/cart/cart/1"},"timestamp":"2026-07-25T05:50:52.246Z"}
{"level":"info","message":{"ip":"::1","method":"DELETE","ms":2,"status":404,"url":"/api/cart/cart/1"},"timestamp":"2026-07-25T05:50:52.468Z"}
{"level":"info","message":"Server running on port 3001","timestamp":"2026-07-25T05:51:47.123Z"}
{"level":"info","message":{"ip":"::1","method":"POST","ms":193,"status":200,"url":"/api/auth/login"},"timestamp":"2026-07-25T05:52:28.086Z"}
{"level":"info","message":{"ip":"::1","method":"POST","ms":7,"status":200,"url":"/api/auth/me"},"timestamp":"2026-07-25T05:52:28.352Z"}
{"level":"info","message":{"ip":"::1","method":"POST","ms":5,"status":200,"url":"/api/auth/me"},"timestamp":"2026-07-25T05:52:28.362Z"}
{"level":"info","message":{"ip":"::1","method":"GET","ms":14,"status":201,"url":"/api/products/dashboard"},"timestamp":"2026-07-25T05:52:28.400Z"}
{"level":"info","message":{"ip":"::1","method":"GET","ms":23,"status":304,"url":"/api/cart/my-cart"},"timestamp":"2026-07-25T05:52:28.414Z"}
{"level":"info","message":{"ip":"::1","method":"GET","ms":6,"status":201,"url":"/api/products/dashboard"},"timestamp":"2026-07-25T05:52:28.432Z"}
{"level":"info","message":{"ip":"::1","method":"GET","ms":8,"status":304,"url":"/api/cart/my-cart"},"timestamp":"2026-07-25T05:52:28.452Z"}
{"level":"info","message":{"ip":"::1","method":"POST","ms":12,"status":200,"url":"/api/cart/cart"},"timestamp":"2026-07-25T05:52:32.688Z"}
{"level":"info","message":{"ip":"::1","method":"GET","ms":7,"status":304,"url":"/api/cart/my-cart"},"timestamp":"2026-07-25T05:52:32.717Z"}
{"level":"info","message":{"ip":"::1","method":"POST","ms":10,"status":200,"url":"/api/cart/cart"},"timestamp":"2026-07-25T05:52:33.883Z"}
{"level":"info","message":{"ip":"::1","method":"GET","ms":8,"status":304,"url":"/api/cart/my-cart"},"timestamp":"2026-07-25T05:52:33.906Z"}
{"level":"info","message":{"ip":"::1","method":"POST","ms":11,"status":200,"url":"/api/cart/cart"},"timestamp":"2026-07-25T05:52:34.665Z"}
{"level":"info","message":{"ip":"::1","method":"GET","ms":9,"status":304,"url":"/api/cart/my-cart"},"timestamp":"2026-07-25T05:52:34.712Z"}
{"level":"info","message":{"ip":"::1","method":"GET","ms":6,"status":304,"url":"/api/cart/my-cart"},"timestamp":"2026-07-25T05:52:36.544Z"}
{"level":"info","message":{"ip":"::1","method":"GET","ms":6,"status":304,"url":"/api/cart/my-cart"},"timestamp":"2026-07-25T05:52:36.566Z"}
{"level":"info","message":{"ip":"::1","method":"POST","ms":13,"status":200,"url":"/api/cart/cart"},"timestamp":"2026-07-25T05:52:40.008Z"}
{"level":"info","message":{"ip":"::1","method":"GET","ms":5,"status":304,"url":"/api/cart/my-cart"},"timestamp":"2026-07-25T05:52:40.032Z"}
{"level":"info","message":{"ip":"::1","method":"POST","ms":7,"status":200,"url":"/api/cart/cart"},"timestamp":"2026-07-25T05:52:41.298Z"}
{"level":"info","message":{"ip":"::1","method":"GET","ms":4,"status":304,"url":"/api/cart/my-cart"},"timestamp":"2026-07-25T05:52:41.313Z"}
{"level":"info","message":{"ip":"::1","method":"POST","ms":7,"status":200,"url":"/api/cart/cart"},"timestamp":"2026-07-25T05:52:41.526Z"}
{"level":"info","message":{"ip":"::1","method":"GET","ms":4,"status":304,"url":"/api/cart/my-cart"},"timestamp":"2026-07-25T05:52:41.545Z"}
{"level":"info","message":{"ip":"::1","method":"GET","ms":6,"status":200,"url":"/api/cart/my-cart"},"timestamp":"2026-07-25T05:53:10.154Z"}
{"level":"info","message":{"ip":"::1","method":"POST","ms":4,"status":200,"url":"/api/auth/me"},"timestamp":"2026-07-25T05:53:29.134Z"}
{"level":"info","message":{"ip":"::1","method":"POST","ms":10,"status":200,"url":"/api/auth/me"},"timestamp":"2026-07-25T05:53:29.154Z"}
{"level":"info","message":{"ip":"::1","method":"GET","ms":7,"status":201,"url":"/api/products/dashboard"},"timestamp":"2026-07-25T05:53:29.195Z"}
{"level":"info","message":{"ip":"::1","method":"GET","ms":7,"status":304,"url":"/api/cart/my-cart"},"timestamp":"2026-07-25T05:53:29.200Z"}
{"level":"info","message":{"ip":"::1","method":"GET","ms":9,"status":201,"url":"/api/products/dashboard"},"timestamp":"2026-07-25T05:53:29.234Z"}
{"level":"info","message":{"ip":"::1","method":"GET","ms":11,"status":304,"url":"/api/cart/my-cart"},"timestamp":"2026-07-25T05:53:29.240Z"}
{"level":"info","message":{"ip":"::1","method":"POST","ms":17,"status":200,"url":"/api/cart/cart"},"timestamp":"2026-07-25T05:53:33.623Z"}
{"level":"info","message":{"ip":"::1","method":"GET","ms":5,"status":200,"url":"/api/cart/my-cart"},"timestamp":"2026-07-25T05:53:33.649Z"}
{"level":"info","message":{"ip":"::1","method":"POST","ms":9,"status":200,"url":"/api/cart/cart"},"timestamp":"2026-07-25T05:53:34.461Z"}
{"level":"info","message":{"ip":"::1","method":"GET","ms":4,"status":304,"url":"/api/cart/my-cart"},"timestamp":"2026-07-25T05:53:34.478Z"}
{"level":"info","message":{"ip":"::1","method":"POST","ms":7,"status":200,"url":"/api/cart/cart"},"timestamp":"2026-07-25T05:53:35.597Z"}
{"level":"info","message":{"ip":"::1","method":"GET","ms":5,"status":304,"url":"/api/cart/my-cart"},"timestamp":"2026-07-25T05:53:35.620Z"}
{"level":"info","message":{"ip":"::1","method":"POST","ms":6,"status":200,"url":"/api/cart/cart"},"timestamp":"2026-07-25T05:53:35.738Z"}
{"level":"info","message":{"ip":"::1","method":"GET","ms":4,"status":304,"url":"/api/cart/my-cart"},"timestamp":"2026-07-25T05:53:35.759Z"}
{"level":"info","message":{"ip":"::1","method":"POST","ms":7,"status":200,"url":"/api/cart/cart"},"timestamp":"2026-07-25T05:53:35.957Z"}
{"level":"info","message":{"ip":"::1","method":"GET","ms":4,"status":304,"url":"/api/cart/my-cart"},"timestamp":"2026-07-25T05:53:35.978Z"}
{"level":"info","message":{"ip":"::1","method":"GET","ms":6,"status":304,"url":"/api/cart/my-cart"},"timestamp":"2026-07-25T05:53:37.502Z"}
{"level":"info","message":{"ip":"::1","method":"GET","ms":6,"status":304,"url":"/api/cart/my-cart"},"timestamp":"2026-07-25T05:53:37.522Z"}
{"level":"info","message":{"ip":"::1","method":"POST","ms":6,"status":200,"url":"/api/cart/cart"},"timestamp":"2026-07-25T05:53:39.627Z"}
{"level":"info","message":{"ip":"::1","method":"GET","ms":5,"status":304,"url":"/api/cart/my-cart"},"timestamp":"2026-07-25T05:53:39.648Z"}
{"level":"info","message":{"ip":"::1","method":"POST","ms":8,"status":200,"url":"/api/cart/cart"},"timestamp":"2026-07-25T05:53:40.805Z"}
{"level":"info","message":{"ip":"::1","method":"GET","ms":5,"status":304,"url":"/api/cart/my-cart"},"timestamp":"2026-07-25T05:53:40.827Z"}
{"level":"info","message":{"ip":"::1","method":"POST","ms":9,"status":200,"url":"/api/cart/cart"},"timestamp":"2026-07-25T05:53:41.314Z"}
{"level":"info","message":{"ip":"::1","method":"GET","ms":4,"status":304,"url":"/api/cart/my-cart"},"timestamp":"2026-07-25T05:53:41.335Z"}
{"level":"info","message":{"ip":"::1","method":"POST","ms":6,"status":200,"url":"/api/cart/cart"},"timestamp":"2026-07-25T05:53:41.462Z"}
{"level":"info","message":{"ip":"::1","method":"GET","ms":6,"status":304,"url":"/api/cart/my-cart"},"timestamp":"2026-07-25T05:53:41.483Z"}
{"level":"info","message":{"ip":"::1","method":"POST","ms":5,"status":200,"url":"/api/cart/cart"},"timestamp":"2026-07-25T05:53:41.599Z"}
{"level":"info","message":{"ip":"::1","method":"GET","ms":4,"status":304,"url":"/api/cart/my-cart"},"timestamp":"2026-07-25T05:53:41.620Z"}
{"level":"info","message":{"ip":"::1","method":"POST","ms":6,"status":200,"url":"/api/cart/cart"},"timestamp":"2026-07-25T05:53:41.832Z"}
{"level":"info","message":{"ip":"::1","method":"GET","ms":6,"status":304,"url":"/api/cart/my-cart"},"timestamp":"2026-07-25T05:53:41.855Z"}
{"level":"info","message":{"ip":"::1","method":"PATCH","ms":4,"status":404,"url":"/api/cart/cart/1"},"timestamp":"2026-07-25T05:53:43.149Z"}
{"level":"info","message":{"ip":"::1","method":"POST","ms":6,"status":200,"url":"/api/cart/cart"},"timestamp":"2026-07-25T05:53:44.244Z"}
{"level":"info","message":{"ip":"::1","method":"GET","ms":4,"status":304,"url":"/api/cart/my-cart"},"timestamp":"2026-07-25T05:53:44.266Z"}
{"level":"info","message":{"ip":"::1","method":"POST","ms":173,"status":200,"url":"/api/auth/login"},"timestamp":"2026-07-25T06:00:14.218Z"}
{"level":"info","message":{"ip":"::1","method":"POST","ms":3,"status":200,"url":"/api/auth/me"},"timestamp":"2026-07-25T06:00:14.476Z"}
{"level":"info","message":{"ip":"::1","method":"POST","ms":3,"status":200,"url":"/api/auth/me"},"timestamp":"2026-07-25T06:00:14.481Z"}
{"level":"info","message":{"ip":"::1","method":"GET","ms":9,"status":201,"url":"/api/products/dashboard"},"timestamp":"2026-07-25T06:00:14.516Z"}
{"level":"info","message":{"ip":"::1","method":"GET","ms":7,"status":304,"url":"/api/cart/my-cart"},"timestamp":"2026-07-25T06:00:14.518Z"}
{"level":"info","message":{"ip":"::1","method":"GET","ms":9,"status":201,"url":"/api/products/dashboard"},"timestamp":"2026-07-25T06:00:14.558Z"}
{"level":"info","message":{"ip":"::1","method":"GET","ms":7,"status":304,"url":"/api/cart/my-cart"},"timestamp":"2026-07-25T06:00:14.561Z"}
{"level":"info","message":{"ip":"::1","method":"POST","ms":5,"status":200,"url":"/api/cart/cart"},"timestamp":"2026-07-25T06:00:17.332Z"}
{"level":"info","message":{"ip":"::1","method":"GET","ms":5,"status":304,"url":"/api/cart/my-cart"},"timestamp":"2026-07-25T06:00:17.356Z"}
{"level":"info","message":{"ip":"::1","method":"GET","ms":6,"status":304,"url":"/api/cart/my-cart"},"timestamp":"2026-07-25T06:00:19.198Z"}
{"level":"info","message":{"ip":"::1","method":"GET","ms":6,"status":304,"url":"/api/cart/my-cart"},"timestamp":"2026-07-25T06:00:19.219Z"}
{"level":"info","message":{"ip":"::1","method":"PATCH","ms":1,"status":404,"url":"/api/cart/cart/1"},"timestamp":"2026-07-25T06:00:21.386Z"}
{"level":"info","message":{"ip":"::1","method":"PATCH","ms":1,"status":404,"url":"/api/cart/cart/1"},"timestamp":"2026-07-25T06:00:22.781Z"}
{"level":"info","message":{"ip":"::1","method":"PATCH","ms":1,"status":404,"url":"/api/cart/cart/1"},"timestamp":"2026-07-25T06:00:23.365Z"}
{"level":"info","message":{"ip":"::1","method":"PATCH","ms":1,"status":404,"url":"/api/cart/cart/1"},"timestamp":"2026-07-25T06:00:23.576Z"}
{"level":"info","message":{"ip":"::1","method":"PATCH","ms":1,"status":404,"url":"/api/cart/cart/1"},"timestamp":"2026-07-25T06:00:23.741Z"}
{"level":"info","message":{"ip":"::1","method":"PATCH","ms":2,"status":404,"url":"/api/cart/cart/1"},"timestamp":"2026-07-25T06:00:23.971Z"}
{"level":"info","message":{"ip":"::1","method":"PATCH","ms":2,"status":404,"url":"/api/cart/cart/1"},"timestamp":"2026-07-25T06:00:24.885Z"}
{"level":"info","message":{"ip":"::1","method":"PATCH","ms":1,"status":404,"url":"/api/cart/cart/1"},"timestamp":"2026-07-25T06:00:25.227Z"}
{"level":"info","message":{"ip":"::1","method":"PATCH","ms":1,"status":404,"url":"/api/cart/cart/1"},"timestamp":"2026-07-25T06:00:25.417Z"}
{"level":"info","message":{"ip":"::1","method":"DELETE","ms":3,"status":404,"url":"/api/cart/cart/1"},"timestamp":"2026-07-25T06:00:26.790Z"}
{"level":"info","message":{"ip":"::1","method":"DELETE","ms":1,"status":404,"url":"/api/cart/cart/1"},"timestamp":"2026-07-25T06:00:27.302Z"}
{"level":"info","message":{"ip":"::1","method":"DELETE","ms":1,"status":404,"url":"/api/cart/cart/1"},"timestamp":"2026-07-25T06:00:27.476Z"}
{"level":"info","message":{"ip":"::1","method":"DELETE","ms":1,"status":404,"url":"/api/cart/cart/1"},"timestamp":"2026-07-25T06:00:27.696Z"}
{"level":"info","message":{"ip":"::1","method":"PATCH","ms":1,"status":404,"url":"/api/cart/cart/1"},"timestamp":"2026-07-25T06:03:39.899Z"}
{"level":"info","message":{"ip":"::1","method":"PATCH","ms":2,"status":404,"url":"/api/cart/cart/1"},"timestamp":"2026-07-25T06:03:40.947Z"}
{"level":"info","message":{"ip":"::1","method":"GET","ms":6,"status":304,"url":"/api/cart/my-cart"},"timestamp":"2026-07-25T06:04:26.221Z"}
{"level":"info","message":{"ip":"::1","method":"PATCH","ms":1,"status":404,"url":"/api/cart/cart/1"},"timestamp":"2026-07-25T06:04:28.014Z"}
{"level":"info","message":{"ip":"::1","method":"PATCH","ms":2,"status":404,"url":"/api/cart/cart/1"},"timestamp":"2026-07-25T06:04:28.977Z"}
{"level":"info","message":{"ip":"::1","method":"PATCH","ms":1,"status":404,"url":"/api/cart/cart/1"},"timestamp":"2026-07-25T06:04:29.129Z"}
{"level":"info","message":{"ip":"::1","method":"PATCH","ms":1,"status":404,"url":"/api/cart/cart/1"},"timestamp":"2026-07-25T06:04:29.271Z"}
{"level":"info","message":{"ip":"::1","method":"PATCH","ms":1,"status":404,"url":"/api/cart/cart/1"},"timestamp":"2026-07-25T06:04:29.410Z"}
{"level":"info","message":{"ip":"::1","method":"PATCH","ms":1,"status":404,"url":"/api/cart/cart/1"},"timestamp":"2026-07-25T06:04:29.546Z"}
{"level":"info","message":{"ip":"::1","method":"POST","ms":5,"status":200,"url":"/api/auth/me"},"timestamp":"2026-07-25T06:04:31.467Z"}
{"level":"info","message":{"ip":"::1","method":"POST","ms":4,"status":200,"url":"/api/auth/me"},"timestamp":"2026-07-25T06:04:31.474Z"}
{"level":"info","message":{"ip":"::1","method":"GET","ms":14,"status":201,"url":"/api/products/dashboard"},"timestamp":"2026-07-25T06:04:31.514Z"}
{"level":"info","message":{"ip":"::1","method":"GET","ms":15,"status":304,"url":"/api/cart/my-cart"},"timestamp":"2026-07-25T06:04:31.524Z"}
{"level":"info","message":{"ip":"::1","method":"GET","ms":10,"status":201,"url":"/api/products/dashboard"},"timestamp":"2026-07-25T06:04:31.565Z"}
{"level":"info","message":{"ip":"::1","method":"GET","ms":10,"status":304,"url":"/api/cart/my-cart"},"timestamp":"2026-07-25T06:04:31.571Z"}
{"level":"info","message":{"ip":"::1","method":"POST","ms":7,"status":200,"url":"/api/cart/cart"},"timestamp":"2026-07-25T06:04:32.951Z"}
{"level":"info","message":{"ip":"::1","method":"GET","ms":7,"status":304,"url":"/api/cart/my-cart"},"timestamp":"2026-07-25T06:04:32.981Z"}
{"level":"info","message":{"ip":"::1","method":"POST","ms":5,"status":200,"url":"/api/cart/cart"},"timestamp":"2026-07-25T06:04:34.406Z"}
{"level":"info","message":{"ip":"::1","method":"GET","ms":6,"status":304,"url":"/api/cart/my-cart"},"timestamp":"2026-07-25T06:04:34.431Z"}
{"level":"info","message":{"ip":"::1","method":"GET","ms":5,"status":304,"url":"/api/cart/my-cart"},"timestamp":"2026-07-25T06:04:37.202Z"}
{"level":"info","message":{"ip":"::1","method":"GET","ms":5,"status":304,"url":"/api/cart/my-cart"},"timestamp":"2026-07-25T06:04:37.221Z"}
{"level":"info","message":{"ip":"::1","method":"DELETE","ms":1,"status":404,"url":"/api/cart/cart/1"},"timestamp":"2026-07-25T06:04:39.776Z"}
{"level":"info","message":{"ip":"::1","method":"POST","ms":5,"status":200,"url":"/api/auth/me"},"timestamp":"2026-07-25T06:04:41.227Z"}
{"level":"info","message":{"ip":"::1","method":"POST","ms":6,"status":200,"url":"/api/auth/me"},"timestamp":"2026-07-25T06:04:41.247Z"}
{"level":"info","message":{"ip":"::1","method":"GET","ms":12,"status":201,"url":"/api/products/dashboard"},"timestamp":"2026-07-25T06:04:41.291Z"}
{"level":"info","message":{"ip":"::1","method":"GET","ms":8,"status":304,"url":"/api/cart/my-cart"},"timestamp":"2026-07-25T06:04:41.294Z"}
{"level":"info","message":{"ip":"::1","method":"GET","ms":9,"status":201,"url":"/api/products/dashboard"},"timestamp":"2026-07-25T06:04:41.339Z"}
{"level":"info","message":{"ip":"::1","method":"GET","ms":8,"status":304,"url":"/api/cart/my-cart"},"timestamp":"2026-07-25T06:04:41.343Z"}
{"level":"info","message":"Server running on port 3001","timestamp":"2026-07-26T09:40:22.779Z"}
{"level":"info","message":{"ip":"::1","method":"POST","ms":242,"status":200,"url":"/api/auth/login"},"timestamp":"2026-07-26T09:41:09.331Z"}
{"level":"info","message":{"ip":"::1","method":"POST","ms":9,"status":200,"url":"/api/auth/me"},"timestamp":"2026-07-26T09:41:09.663Z"}
{"level":"info","message":{"ip":"::1","method":"POST","ms":5,"status":200,"url":"/api/auth/me"},"timestamp":"2026-07-26T09:41:09.672Z"}
{"level":"info","message":{"ip":"::1","method":"GET","ms":29,"status":201,"url":"/api/products/dashboard"},"timestamp":"2026-07-26T09:41:09.730Z"}
{"level":"info","message":{"ip":"::1","method":"GET","ms":35,"status":200,"url":"/api/cart/my-cart"},"timestamp":"2026-07-26T09:41:09.740Z"}
{"level":"info","message":{"ip":"::1","method":"GET","ms":7,"status":201,"url":"/api/products/dashboard"},"timestamp":"2026-07-26T09:41:09.765Z"}
{"level":"info","message":{"ip":"::1","method":"GET","ms":8,"status":304,"url":"/api/cart/my-cart"},"timestamp":"2026-07-26T09:41:09.788Z"}
{"level":"info","message":{"ip":"::1","method":"POST","ms":19,"status":200,"url":"/api/cart/cart"},"timestamp":"2026-07-26T09:41:12.008Z"}
{"level":"info","message":{"ip":"::1","method":"GET","ms":7,"status":200,"url":"/api/cart/my-cart"},"timestamp":"2026-07-26T09:41:12.034Z"}
{"level":"info","message":{"ip":"::1","method":"GET","ms":7,"status":304,"url":"/api/cart/my-cart"},"timestamp":"2026-07-26T09:41:13.924Z"}
{"level":"info","message":{"ip":"::1","method":"GET","ms":6,"status":304,"url":"/api/cart/my-cart"},"timestamp":"2026-07-26T09:41:13.947Z"}
{"level":"info","message":{"ip":"::1","method":"PATCH","ms":17,"status":200,"url":"/api/cart/cart/1"},"timestamp":"2026-07-26T09:41:16.709Z"}
{"level":"info","message":{"ip":"::1","method":"GET","ms":7,"status":200,"url":"/api/cart/my-cart"},"timestamp":"2026-07-26T09:41:16.729Z"}
{"level":"info","message":{"ip":"::1","method":"PATCH","ms":14,"status":200,"url":"/api/cart/cart/1"},"timestamp":"2026-07-26T09:41:18.145Z"}
{"level":"info","message":{"ip":"::1","method":"GET","ms":5,"status":200,"url":"/api/cart/my-cart"},"timestamp":"2026-07-26T09:41:18.165Z"}
{"level":"info","message":{"ip":"::1","method":"PATCH","ms":17,"status":200,"url":"/api/cart/cart/1"},"timestamp":"2026-07-26T09:41:20.319Z"}
{"level":"info","message":{"ip":"::1","method":"GET","ms":5,"status":200,"url":"/api/cart/my-cart"},"timestamp":"2026-07-26T09:41:20.343Z"}
{"level":"info","message":{"ip":"::1","method":"PATCH","ms":8,"status":200,"url":"/api/cart/cart/1"},"timestamp":"2026-07-26T09:41:21.017Z"}
{"level":"info","message":{"ip":"::1","method":"GET","ms":7,"status":200,"url":"/api/cart/my-cart"},"timestamp":"2026-07-26T09:41:21.039Z"}
{"level":"info","message":{"ip":"::1","method":"PATCH","ms":12,"status":200,"url":"/api/cart/cart/1"},"timestamp":"2026-07-26T09:41:21.406Z"}
{"level":"info","message":{"ip":"::1","method":"GET","ms":7,"status":200,"url":"/api/cart/my-cart"},"timestamp":"2026-07-26T09:41:21.433Z"}
{"level":"info","message":{"ip":"::1","method":"PATCH","ms":10,"status":200,"url":"/api/cart/cart/1"},"timestamp":"2026-07-26T09:41:21.546Z"}
{"level":"info","message":{"ip":"::1","method":"GET","ms":4,"status":200,"url":"/api/cart/my-cart"},"timestamp":"2026-07-26T09:41:21.567Z"}
{"level":"info","message":{"ip":"::1","method":"POST","ms":5,"status":200,"url":"/api/auth/me"},"timestamp":"2026-07-26T09:41:25.276Z"}
{"level":"info","message":{"ip":"::1","method":"POST","ms":3,"status":200,"url":"/api/auth/me"},"timestamp":"2026-07-26T09:41:25.284Z"}
{"level":"info","message":{"ip":"::1","method":"GET","ms":9,"status":201,"url":"/api/products/dashboard"},"timestamp":"2026-07-26T09:41:25.325Z"}
{"level":"info","message":{"ip":"::1","method":"GET","ms":9,"status":304,"url":"/api/cart/my-cart"},"timestamp":"2026-07-26T09:41:25.328Z"}
{"level":"info","message":{"ip":"::1","method":"GET","ms":9,"status":201,"url":"/api/products/dashboard"},"timestamp":"2026-07-26T09:41:25.361Z"}
{"level":"info","message":{"ip":"::1","method":"GET","ms":7,"status":304,"url":"/api/cart/my-cart"},"timestamp":"2026-07-26T09:41:25.364Z"}
{"level":"info","message":{"ip":"::1","method":"POST","ms":13,"status":201,"url":"/api/cart/cart"},"timestamp":"2026-07-26T09:41:28.461Z"}
{"level":"info","message":{"ip":"::1","method":"GET","ms":7,"status":200,"url":"/api/cart/my-cart"},"timestamp":"2026-07-26T09:41:28.481Z"}
{"level":"info","message":{"ip":"::1","method":"POST","ms":18,"status":200,"url":"/api/cart/cart"},"timestamp":"2026-07-26T09:41:30.643Z"}
{"level":"info","message":{"ip":"::1","method":"GET","ms":6,"status":200,"url":"/api/cart/my-cart"},"timestamp":"2026-07-26T09:41:30.663Z"}
{"level":"info","message":{"ip":"::1","method":"GET","ms":4,"status":304,"url":"/api/cart/my-cart"},"timestamp":"2026-07-26T09:41:32.227Z"}
{"level":"info","message":{"ip":"::1","method":"GET","ms":4,"status":304,"url":"/api/cart/my-cart"},"timestamp":"2026-07-26T09:41:32.246Z"}
{"level":"info","message":{"ip":"::1","method":"POST","ms":4,"status":200,"url":"/api/auth/me"},"timestamp":"2026-07-26T09:41:35.953Z"}
{"level":"info","message":{"ip":"::1","method":"POST","ms":6,"status":200,"url":"/api/auth/me"},"timestamp":"2026-07-26T09:41:35.964Z"}
{"level":"info","message":{"ip":"::1","method":"GET","ms":10,"status":201,"url":"/api/products/dashboard"},"timestamp":"2026-07-26T09:41:36.003Z"}
{"level":"info","message":{"ip":"::1","method":"GET","ms":8,"status":304,"url":"/api/cart/my-cart"},"timestamp":"2026-07-26T09:41:36.006Z"}
{"level":"info","message":{"ip":"::1","method":"GET","ms":8,"status":201,"url":"/api/products/dashboard"},"timestamp":"2026-07-26T09:41:36.041Z"}
{"level":"info","message":{"ip":"::1","method":"GET","ms":9,"status":304,"url":"/api/cart/my-cart"},"timestamp":"2026-07-26T09:41:36.046Z"}
{"level":"info","message":{"ip":"::1","method":"GET","ms":5,"status":304,"url":"/api/cart/my-cart"},"timestamp":"2026-07-26T09:41:40.034Z"}
{"level":"info","message":{"ip":"::1","method":"GET","ms":5,"status":304,"url":"/api/cart/my-cart"},"timestamp":"2026-07-26T09:41:40.057Z"}
{"level":"info","message":{"ip":"::1","method":"POST","ms":3,"status":200,"url":"/api/auth/me"},"timestamp":"2026-07-26T09:41:42.638Z"}
{"level":"info","message":{"ip":"::1","method":"POST","ms":4,"status":200,"url":"/api/auth/me"},"timestamp":"2026-07-26T09:41:42.665Z"}
{"level":"info","message":{"ip":"::1","method":"GET","ms":10,"status":201,"url":"/api/products/dashboard"},"timestamp":"2026-07-26T09:41:42.692Z"}
{"level":"info","message":{"ip":"::1","method":"GET","ms":10,"status":304,"url":"/api/cart/my-cart"},"timestamp":"2026-07-26T09:41:42.697Z"}
{"level":"info","message":{"ip":"::1","method":"GET","ms":8,"status":201,"url":"/api/products/dashboard"},"timestamp":"2026-07-26T09:41:42.727Z"}
{"level":"info","message":{"ip":"::1","method":"GET","ms":7,"status":304,"url":"/api/cart/my-cart"},"timestamp":"2026-07-26T09:41:42.730Z"}
{"level":"info","message":{"ip":"::1","method":"POST","ms":3,"status":200,"url":"/api/auth/me"},"timestamp":"2026-07-26T09:41:44.778Z"}
{"level":"info","message":{"ip":"::1","method":"POST","ms":3,"status":200,"url":"/api/auth/me"},"timestamp":"2026-07-26T09:41:44.784Z"}
{"level":"info","message":{"ip":"::1","method":"GET","ms":9,"status":304,"url":"/api/cart/my-cart"},"timestamp":"2026-07-26T09:41:44.818Z"}
{"level":"info","message":{"ip":"::1","method":"GET","ms":9,"status":201,"url":"/api/products/dashboard"},"timestamp":"2026-07-26T09:41:44.822Z"}
{"level":"info","message":{"ip":"::1","method":"GET","ms":8,"status":304,"url":"/api/cart/my-cart"},"timestamp":"2026-07-26T09:41:44.855Z"}
{"level":"info","message":{"ip":"::1","method":"GET","ms":7,"status":201,"url":"/api/products/dashboard"},"timestamp":"2026-07-26T09:41:44.858Z"}
{"level":"info","message":{"ip":"::1","method":"POST","ms":3,"status":200,"url":"/api/auth/me"},"timestamp":"2026-07-26T09:41:48.025Z"}
{"level":"info","message":{"ip":"::1","method":"POST","ms":3,"status":200,"url":"/api/auth/me"},"timestamp":"2026-07-26T09:41:48.031Z"}
{"level":"info","message":{"ip":"::1","method":"GET","ms":13,"status":304,"url":"/api/cart/my-cart"},"timestamp":"2026-07-26T09:41:48.067Z"}
{"level":"info","message":{"ip":"::1","method":"GET","ms":13,"status":201,"url":"/api/products/dashboard"},"timestamp":"2026-07-26T09:41:48.072Z"}
{"level":"info","message":{"ip":"::1","method":"GET","ms":9,"status":304,"url":"/api/cart/my-cart"},"timestamp":"2026-07-26T09:41:48.109Z"}
{"level":"info","message":{"ip":"::1","method":"GET","ms":8,"status":201,"url":"/api/products/dashboard"},"timestamp":"2026-07-26T09:41:48.113Z"}
